// Jest Snapshot v1, https://goo.gl/fbAQLP

exports[`Jest Snapshot testing suite Matches DOM Snapshot 1`] = `
<div
  className="app"
>
  <h1
    className="p-4"
  >
    Expense tracker
  </h1>
  <div
    className="container"
  >
    <div
      className="mb-5 row"
      data-testid="add-expense"
    >
      <h2
        className="p-2"
      >
        Add Expense
      </h2>
      <input
        className="p-2 mb-2"
        onChange={[Function]}
        placeholder="Expense description"
        type="text"
        value=""
      />
      <input
        className="p-2 mb-2"
        onChange={[Function]}
        placeholder="Amount"
        type="text"
        value=""
      />
      <label
        className="mb-2"
        htmlFor="expense"
      >
        Type of expense:
      </label>
      <select
        className="p-2"
        id="expense"
        name="expense"
        onChange={[Function]}
        value=""
      >
        <option
          value="select"
        >
          Please Select
        </option>
        <option
          value="mortgage"
        >
          Mortgage
        </option>
        <option
          value="insurance"
        >
          Insurance
        </option>
        <option
          value="food"
        >
          Food
        </option>
        <option
          value="clothing"
        >
          Clothing
        </option>
        <option
          value="utilities"
        >
          Utilities
        </option>
        <option
          value="transport"
        >
          Transport
        </option>
        <option
          value="entertainment"
        >
          Entertainment
        </option>
        <option
          value="other"
        >
          Other
        </option>
      </select>
      <button
        className="my-2 btn btn-primary"
        disabled={false}
        name="add_expense"
        onClick={[Function]}
        type="button"
      >
        Add Expense
      </button>
    </div>
    <div
      className="mb-5 row"
      data-testid="filter-expense"
    >
      <div
        className="col"
      >
        <div>
          <h2>
            Filter expenses
          </h2>
          <button
            className="btn btn-primary"
            disabled={false}
            name="time"
            onClick={[Function]}
            type="button"
          >
            Time
          </button>
          <button
            className="mx-5 btn btn-primary"
            disabled={false}
            name="amount"
            onClick={[Function]}
            type="button"
          >
            Amount
          </button>
          <button
            className="btn btn-primary"
            disabled={false}
            name="type"
            onClick={[Function]}
            type="button"
          >
            Type
          </button>
        </div>
      </div>
    </div>
    <div
      className="mb-5 text-center row"
      data-testid="list-expense"
    >
      <div
        className="p-0 m-0 col"
      >
        <h2>
          Current Expenses
        </h2>
        <ul
          className="p-0 m-0"
        >
          <li
            className=""
          >
            <button
              className="me-4 btn btn-primary"
              disabled={false}
              onClick={[Function]}
              type="button"
            >
              Delete
            </button>
            <p
              className="d-inline"
            >
              initial
            </p>
            <p
              className="d-inline mx-4"
            >
              Â£
              0
            </p>
            <p
              className="d-inline"
            >
              initial
            </p>
            <button
              className="ms-4 btn btn-primary"
              disabled={false}
              onClick={[Function]}
              type="button"
            >
              Edit
            </button>
          </li>
        </ul>
      </div>
    </div>
    <div
      className="row"
      data-testid="breakdown-expense"
    >
      <div
        className="col"
      >
        <canvas
          height={150}
          role="img"
          width={300}
        />
      </div>
    </div>
  </div>
</div>
`;
